components/VideoForm.tsx(14,7): error TS2740: Type '{ videoUrl: string; title: string; description: string; startTime: string; eventIds: never[]; authorXid: string; authorName: string; authorIconUrl: string; music: string; credit: string; type: string; type2: string; members: never[]; }' is missing the following properties from type 'VideoFormData': authorChannelUrl, musicUrl, movieYear, software, and 9 more.
